// Jest Snapshot v1, https://goo.gl/fbAQLP

exports[`Should render ExpenseList with expenses 1`] = `
<div
  className="container"
>
  <ExpenseListItem
    amount={10000}
    createdAt={1252015000}
    description="1 water bill"
    id="2da95af6-3181-4902-a9fd-ec52eff5203c"
    key="2da95af6-3181-4902-a9fd-ec52eff5203c"
    notes=""
  />
  <ExpenseListItem
    amount={109500}
    createdAt={1338415000}
    description="2 gas bill"
    id="c9b3ec51-3b1b-40a3-904f-76ef27f79c80"
    key="c9b3ec51-3b1b-40a3-904f-76ef27f79c80"
    notes="gas gas gas gas gas"
  />
  <ExpenseListItem
    amount={0}
    createdAt={1424815000}
    description="3 rent"
    id="e53d429d-0312-4dd3-aa8c-ed55d2229ae6"
    key="e53d429d-0312-4dd3-aa8c-ed55d2229ae6"
    notes="rent rent rent rent "
  />
  <ExpenseListItem
    amount={100}
    createdAt={1511215000}
    description="Description A"
    id="5d94f325-5387-4406-9c42-45f250350180"
    key="5d94f325-5387-4406-9c42-45f250350180"
    notes="notes notes notes 1 "
  />
  <ExpenseListItem
    amount={200}
    createdAt={1597615000}
    description="Description B"
    id="adb329fa-d15a-4605-8e09-44f544a69230"
    key="adb329fa-d15a-4605-8e09-44f544a69230"
    notes="notes notes notes 2"
  />
  <ExpenseListItem
    amount={300}
    createdAt={1684015000}
    description="Description C"
    id="09afc748-8363-4a58-a16c-62bf952622fb"
    key="09afc748-8363-4a58-a16c-62bf952622fb"
    notes="notes notes notes 3"
  />
  <ExpenseListItem
    amount={400}
    createdAt={1770415000}
    description="Description D"
    id="cea054a4-243d-42d3-a11c-dacd957df150"
    key="cea054a4-243d-42d3-a11c-dacd957df150"
    notes="notes notes notes 4"
  />
  <ExpenseListItem
    amount={500}
    createdAt={1856815000}
    description="Description E"
    id="1d42f8e6-0cc4-402f-a5cf-6ebf33d845f9"
    key="1d42f8e6-0cc4-402f-a5cf-6ebf33d845f9"
    notes="notes notes notes 5"
  />
</div>
`;

exports[`Should render empty ExpenseList 1`] = `
<div
  className="container"
>
  <div
    className="notification is-warning"
  >
    nothing right now
  </div>
</div>
`;
