// Jest Snapshot v1, https://goo.gl/fbAQLP

exports[`Should render ExpenseListItem with expense 1`] = `
<div
  className="card"
>
  <div
    className="card-content"
  >
    <div
      className="columns is-mobile"
    >
      <div
        className="column"
        title={1252015000}
      >
        15-01-1970
      </div>
      <div
        className="column"
      >
        <b>
          1 water bill
        </b>
        <i>
          <Link
            replace={false}
            to="/edit/2da95af6-3181-4902-a9fd-ec52eff5203c"
          />
        </i>
        <br />
        <small>
          (
          <a
            aria-label="remove"
            className="___button ___is-small is-danger"
            href="javascript:;"
            onClick={[Function]}
          >
            delete
          </a>
          )
        </small>
      </div>
      <div
        className="column"
      >
        <b>
          $ 
          100
        </b>
      </div>
    </div>
  </div>
</div>
`;
